#-----------------------------------------------------------
# Vivado v2023.1 (64-bit)
# SW Build 3865809 on Sun May  7 15:05:29 MDT 2023
# IP Build 3864474 on Sun May  7 20:36:21 MDT 2023
# SharedData Build 3865790 on Sun May 07 13:33:03 MDT 2023
# Start of session at: Wed Nov 20 23:50:47 2024
# Process ID: 21160
# Current directory: C:/Users/Sahil/Desktop/Maven/Project/FIFO/router_fifo_design/router_fifo_design.runs/synth_1
# Command line: vivado.exe -log router_fifo_design_tb.vds -product Vivado -mode batch -messageDb vivado.pb -notrace -source router_fifo_design_tb.tcl
# Log file: C:/Users/Sahil/Desktop/Maven/Project/FIFO/router_fifo_design/router_fifo_design.runs/synth_1/router_fifo_design_tb.vds
# Journal file: C:/Users/Sahil/Desktop/Maven/Project/FIFO/router_fifo_design/router_fifo_design.runs/synth_1\vivado.jou
# Running On: DESKTOP-SahilArankalle, OS: Windows, CPU Frequency: 2611 MHz, CPU Physical cores: 10, Host memory: 16858 MB
#-----------------------------------------------------------
source router_fifo_design_tb.tcl -notrace
